Here are the tokens returned by the lexer:
     2   0  Symbol......: def
     2   4  Identifier..: md5_block
     2  13  Symbol......: (
     2  14  Identifier..: md
     2  16  Symbol......: ,
     2  18  Identifier..: block
     2  23  Symbol......: )
     2  24  Symbol......: :
     4   1  Identifier..: arr
     4   4  Symbol......: [
     4   5  Number......: 4
     4   6  Symbol......: ]
     4   8  Symbol......: =
     4  10  Symbol......: [
     4  11  Number......: 3
     4  12  Symbol......: ,
     4  13  Number......: 4
     4  14  Symbol......: ,
     4  15  Number......: 5
     4  16  Symbol......: ,
     4  17  Number......: 6
     4  18  Symbol......: ]
     5   1  Identifier..: x
     5   3  Symbol......: =
     5   5  Number......: 3
     6   1  Identifier..: a
     6   3  Symbol......: =
     6   5  Number......: 4
     7   1  Identifier..: b
     7   3  Symbol......: =
     7   5  Identifier..: x
     7   7  Symbol......: *
     7   9  Identifier..: a
     9   1  Identifier..: a
     9   2  Symbol......: <->
     9   5  Identifier..: b
    11   1  Identifier..: a
    11   3  Symbol......: =
    11   5  Identifier..: a
    11   7  Symbol......: <<<
    11  11  Number......: 3
    13   0  Eof.........:  
